// Jest Snapshot v1, https://goo.gl/fbAQLP

exports[`Item empty 1`] = `<div />`;

exports[`Item ok 1`] = `
<div>
  <section
    class="Item"
  >
    <h1>
      GCC: C++ coroutines â€“ Initial implementation pushed to master
    </h1>
    <h2>
      67
       points by 
      matt_d
       
      8 hours
       ago
    </h2>
  </section>
</div>
`;
