// Jest Snapshot v1, https://goo.gl/fbAQLP

exports[`ListView empty 1`] = `null`;

exports[`ListView network error 1`] = `null`;

exports[`ListView ok 1`] = `null`;
