// Jest Snapshot v1, https://goo.gl/fbAQLP

exports[`List empty 1`] = `null`;

exports[`List network error 1`] = `null`;

exports[`List ok 1`] = `null`;
