// Jest Snapshot v1, https://goo.gl/fbAQLP

exports[`App ok 1`] = `
<div>
  <main>
    <p>
      Loading...
    </p>
  </main>
</div>
`;
